// Jest Snapshot v1, https://goo.gl/fbAQLP

exports[`<Timeline> matches snapshot 1`] = `
ShallowWrapper {
  Symbol(enzyme.__root__): [Circular],
  Symbol(enzyme.__unrendered__): <Timeline />,
  Symbol(enzyme.__renderer__): Object {
    "batchedUpdates": [Function],
    "getNode": [Function],
    "render": [Function],
    "simulateError": [Function],
    "simulateEvent": [Function],
    "unmount": [Function],
  },
  Symbol(enzyme.__node__): Object {
    "instance": null,
    "key": undefined,
    "nodeType": "host",
    "props": Object {
      "children": Array [
        <li
          className="c-timeline__month"
        >
          2018
        </li>,
        <li
          className="c-timeline__month"
        />,
        <li
          className="c-timeline__month"
        >
          Q1 2019
        </li>,
        <li
          className="c-timeline__month"
        />,
        <li
          className="c-timeline__month"
        />,
        <li
          className="c-timeline__month"
        >
          Q2 2019
        </li>,
        <li
          className="c-timeline__month"
        />,
        <li
          className="c-timeline__month"
        />,
        <li
          className="c-timeline__month"
        >
          Q3 2019
        </li>,
        <li
          className="c-timeline__month"
        />,
        <li
          className="c-timeline__month"
        />,
        <li
          className="c-timeline__month"
        >
          Q4 2019
        </li>,
        <li
          className="c-timeline__month"
        />,
      ],
      "className": "c-timeline",
    },
    "ref": null,
    "rendered": Array [
      Object {
        "instance": null,
        "key": undefined,
        "nodeType": "host",
        "props": Object {
          "children": "2018",
          "className": "c-timeline__month",
        },
        "ref": null,
        "rendered": "2018",
        "type": "li",
      },
      Object {
        "instance": null,
        "key": undefined,
        "nodeType": "host",
        "props": Object {
          "className": "c-timeline__month",
        },
        "ref": null,
        "rendered": null,
        "type": "li",
      },
      Object {
        "instance": null,
        "key": undefined,
        "nodeType": "host",
        "props": Object {
          "children": "Q1 2019",
          "className": "c-timeline__month",
        },
        "ref": null,
        "rendered": "Q1 2019",
        "type": "li",
      },
      Object {
        "instance": null,
        "key": undefined,
        "nodeType": "host",
        "props": Object {
          "className": "c-timeline__month",
        },
        "ref": null,
        "rendered": null,
        "type": "li",
      },
      Object {
        "instance": null,
        "key": undefined,
        "nodeType": "host",
        "props": Object {
          "className": "c-timeline__month",
        },
        "ref": null,
        "rendered": null,
        "type": "li",
      },
      Object {
        "instance": null,
        "key": undefined,
        "nodeType": "host",
        "props": Object {
          "children": "Q2 2019",
          "className": "c-timeline__month",
        },
        "ref": null,
        "rendered": "Q2 2019",
        "type": "li",
      },
      Object {
        "instance": null,
        "key": undefined,
        "nodeType": "host",
        "props": Object {
          "className": "c-timeline__month",
        },
        "ref": null,
        "rendered": null,
        "type": "li",
      },
      Object {
        "instance": null,
        "key": undefined,
        "nodeType": "host",
        "props": Object {
          "className": "c-timeline__month",
        },
        "ref": null,
        "rendered": null,
        "type": "li",
      },
      Object {
        "instance": null,
        "key": undefined,
        "nodeType": "host",
        "props": Object {
          "children": "Q3 2019",
          "className": "c-timeline__month",
        },
        "ref": null,
        "rendered": "Q3 2019",
        "type": "li",
      },
      Object {
        "instance": null,
        "key": undefined,
        "nodeType": "host",
        "props": Object {
          "className": "c-timeline__month",
        },
        "ref": null,
        "rendered": null,
        "type": "li",
      },
      Object {
        "instance": null,
        "key": undefined,
        "nodeType": "host",
        "props": Object {
          "className": "c-timeline__month",
        },
        "ref": null,
        "rendered": null,
        "type": "li",
      },
      Object {
        "instance": null,
        "key": undefined,
        "nodeType": "host",
        "props": Object {
          "children": "Q4 2019",
          "className": "c-timeline__month",
        },
        "ref": null,
        "rendered": "Q4 2019",
        "type": "li",
      },
      Object {
        "instance": null,
        "key": undefined,
        "nodeType": "host",
        "props": Object {
          "className": "c-timeline__month",
        },
        "ref": null,
        "rendered": null,
        "type": "li",
      },
    ],
    "type": "ul",
  },
  Symbol(enzyme.__nodes__): Array [
    Object {
      "instance": null,
      "key": undefined,
      "nodeType": "host",
      "props": Object {
        "children": Array [
          <li
            className="c-timeline__month"
          >
            2018
          </li>,
          <li
            className="c-timeline__month"
          />,
          <li
            className="c-timeline__month"
          >
            Q1 2019
          </li>,
          <li
            className="c-timeline__month"
          />,
          <li
            className="c-timeline__month"
          />,
          <li
            className="c-timeline__month"
          >
            Q2 2019
          </li>,
          <li
            className="c-timeline__month"
          />,
          <li
            className="c-timeline__month"
          />,
          <li
            className="c-timeline__month"
          >
            Q3 2019
          </li>,
          <li
            className="c-timeline__month"
          />,
          <li
            className="c-timeline__month"
          />,
          <li
            className="c-timeline__month"
          >
            Q4 2019
          </li>,
          <li
            className="c-timeline__month"
          />,
        ],
        "className": "c-timeline",
      },
      "ref": null,
      "rendered": Array [
        Object {
          "instance": null,
          "key": undefined,
          "nodeType": "host",
          "props": Object {
            "children": "2018",
            "className": "c-timeline__month",
          },
          "ref": null,
          "rendered": "2018",
          "type": "li",
        },
        Object {
          "instance": null,
          "key": undefined,
          "nodeType": "host",
          "props": Object {
            "className": "c-timeline__month",
          },
          "ref": null,
          "rendered": null,
          "type": "li",
        },
        Object {
          "instance": null,
          "key": undefined,
          "nodeType": "host",
          "props": Object {
            "children": "Q1 2019",
            "className": "c-timeline__month",
          },
          "ref": null,
          "rendered": "Q1 2019",
          "type": "li",
        },
        Object {
          "instance": null,
          "key": undefined,
          "nodeType": "host",
          "props": Object {
            "className": "c-timeline__month",
          },
          "ref": null,
          "rendered": null,
          "type": "li",
        },
        Object {
          "instance": null,
          "key": undefined,
          "nodeType": "host",
          "props": Object {
            "className": "c-timeline__month",
          },
          "ref": null,
          "rendered": null,
          "type": "li",
        },
        Object {
          "instance": null,
          "key": undefined,
          "nodeType": "host",
          "props": Object {
            "children": "Q2 2019",
            "className": "c-timeline__month",
          },
          "ref": null,
          "rendered": "Q2 2019",
          "type": "li",
        },
        Object {
          "instance": null,
          "key": undefined,
          "nodeType": "host",
          "props": Object {
            "className": "c-timeline__month",
          },
          "ref": null,
          "rendered": null,
          "type": "li",
        },
        Object {
          "instance": null,
          "key": undefined,
          "nodeType": "host",
          "props": Object {
            "className": "c-timeline__month",
          },
          "ref": null,
          "rendered": null,
          "type": "li",
        },
        Object {
          "instance": null,
          "key": undefined,
          "nodeType": "host",
          "props": Object {
            "children": "Q3 2019",
            "className": "c-timeline__month",
          },
          "ref": null,
          "rendered": "Q3 2019",
          "type": "li",
        },
        Object {
          "instance": null,
          "key": undefined,
          "nodeType": "host",
          "props": Object {
            "className": "c-timeline__month",
          },
          "ref": null,
          "rendered": null,
          "type": "li",
        },
        Object {
          "instance": null,
          "key": undefined,
          "nodeType": "host",
          "props": Object {
            "className": "c-timeline__month",
          },
          "ref": null,
          "rendered": null,
          "type": "li",
        },
        Object {
          "instance": null,
          "key": undefined,
          "nodeType": "host",
          "props": Object {
            "children": "Q4 2019",
            "className": "c-timeline__month",
          },
          "ref": null,
          "rendered": "Q4 2019",
          "type": "li",
        },
        Object {
          "instance": null,
          "key": undefined,
          "nodeType": "host",
          "props": Object {
            "className": "c-timeline__month",
          },
          "ref": null,
          "rendered": null,
          "type": "li",
        },
      ],
      "type": "ul",
    },
  ],
  Symbol(enzyme.__options__): Object {
    "adapter": ReactSixteenAdapter {
      "options": Object {
        "enableComponentDidUpdateOnSetState": true,
        "lifecycles": Object {
          "componentDidUpdate": Object {
            "onSetState": true,
          },
          "getDerivedStateFromProps": true,
          "getSnapshotBeforeUpdate": true,
          "setState": Object {
            "skipsComponentDidUpdateOnNullish": true,
          },
        },
      },
    },
  },
}
`;
