// Jest Snapshot v1, https://goo.gl/fbAQLP

exports[`<App> allows bar drag 1`] = `
ShallowWrapper {
  Symbol(enzyme.__root__): [Circular],
  Symbol(enzyme.__unrendered__): <App />,
  Symbol(enzyme.__renderer__): Object {
    "batchedUpdates": [Function],
    "getNode": [Function],
    "render": [Function],
    "simulateError": [Function],
    "simulateEvent": [Function],
    "unmount": [Function],
  },
  Symbol(enzyme.__node__): Object {
    "instance": null,
    "key": undefined,
    "nodeType": "host",
    "props": Object {
      "children": Array [
        <div
          className="row-1"
        >
          <Header />
          <Header />
        </div>,
        <div
          className="row-2"
        >
          <main
            className="o-main"
          >
            <div
              className="c-roadmap"
            >
              <Timeline />
              <Lane
                handleStepUpdate={[Function]}
                id={1}
              />
            </div>
            <Sidebar
              handleBarDrag={[Function]}
              handleDragEnd={[Function]}
              handleLaneDrag={[Function]}
              handleStepUpdate={[Function]}
              step={0}
            />
          </main>
        </div>,
      ],
      "className": "layout",
    },
    "ref": null,
    "rendered": Array [
      Object {
        "instance": null,
        "key": undefined,
        "nodeType": "host",
        "props": Object {
          "children": Array [
            <Header />,
            <Header />,
          ],
          "className": "row-1",
        },
        "ref": null,
        "rendered": Array [
          Object {
            "instance": null,
            "key": undefined,
            "nodeType": "function",
            "props": Object {},
            "ref": null,
            "rendered": null,
            "type": [Function],
          },
          Object {
            "instance": null,
            "key": undefined,
            "nodeType": "function",
            "props": Object {},
            "ref": null,
            "rendered": null,
            "type": [Function],
          },
        ],
        "type": "div",
      },
      Object {
        "instance": null,
        "key": undefined,
        "nodeType": "host",
        "props": Object {
          "children": <main
            className="o-main"
          >
            <div
              className="c-roadmap"
            >
              <Timeline />
              <Lane
                handleStepUpdate={[Function]}
                id={1}
              />
            </div>
            <Sidebar
              handleBarDrag={[Function]}
              handleDragEnd={[Function]}
              handleLaneDrag={[Function]}
              handleStepUpdate={[Function]}
              step={0}
            />
          </main>,
          "className": "row-2",
        },
        "ref": null,
        "rendered": Object {
          "instance": null,
          "key": undefined,
          "nodeType": "host",
          "props": Object {
            "children": Array [
              <div
                className="c-roadmap"
              >
                <Timeline />
                <Lane
                  handleStepUpdate={[Function]}
                  id={1}
                />
              </div>,
              <Sidebar
                handleBarDrag={[Function]}
                handleDragEnd={[Function]}
                handleLaneDrag={[Function]}
                handleStepUpdate={[Function]}
                step={0}
              />,
            ],
            "className": "o-main",
          },
          "ref": null,
          "rendered": Array [
            Object {
              "instance": null,
              "key": undefined,
              "nodeType": "host",
              "props": Object {
                "children": Array [
                  <Timeline />,
                  Array [
                    <Lane
                      handleStepUpdate={[Function]}
                      id={1}
                    />,
                  ],
                  false,
                ],
                "className": "c-roadmap",
              },
              "ref": null,
              "rendered": Array [
                Object {
                  "instance": null,
                  "key": undefined,
                  "nodeType": "function",
                  "props": Object {},
                  "ref": null,
                  "rendered": null,
                  "type": [Function],
                },
                Object {
                  "instance": null,
                  "key": "1",
                  "nodeType": "class",
                  "props": Object {
                    "handleStepUpdate": [Function],
                    "id": 1,
                  },
                  "ref": null,
                  "rendered": null,
                  "type": [Function],
                },
                false,
              ],
              "type": "div",
            },
            Object {
              "instance": null,
              "key": undefined,
              "nodeType": "class",
              "props": Object {
                "handleBarDrag": [Function],
                "handleDragEnd": [Function],
                "handleLaneDrag": [Function],
                "handleStepUpdate": [Function],
                "step": 0,
              },
              "ref": null,
              "rendered": null,
              "type": [Function],
            },
          ],
          "type": "main",
        },
        "type": "div",
      },
    ],
    "type": "div",
  },
  Symbol(enzyme.__nodes__): Array [
    Object {
      "instance": null,
      "key": undefined,
      "nodeType": "host",
      "props": Object {
        "children": Array [
          <div
            className="row-1"
          >
            <Header />
            <Header />
          </div>,
          <div
            className="row-2"
          >
            <main
              className="o-main"
            >
              <div
                className="c-roadmap"
              >
                <Timeline />
                <Lane
                  handleStepUpdate={[Function]}
                  id={1}
                />
              </div>
              <Sidebar
                handleBarDrag={[Function]}
                handleDragEnd={[Function]}
                handleLaneDrag={[Function]}
                handleStepUpdate={[Function]}
                step={0}
              />
            </main>
          </div>,
        ],
        "className": "layout",
      },
      "ref": null,
      "rendered": Array [
        Object {
          "instance": null,
          "key": undefined,
          "nodeType": "host",
          "props": Object {
            "children": Array [
              <Header />,
              <Header />,
            ],
            "className": "row-1",
          },
          "ref": null,
          "rendered": Array [
            Object {
              "instance": null,
              "key": undefined,
              "nodeType": "function",
              "props": Object {},
              "ref": null,
              "rendered": null,
              "type": [Function],
            },
            Object {
              "instance": null,
              "key": undefined,
              "nodeType": "function",
              "props": Object {},
              "ref": null,
              "rendered": null,
              "type": [Function],
            },
          ],
          "type": "div",
        },
        Object {
          "instance": null,
          "key": undefined,
          "nodeType": "host",
          "props": Object {
            "children": <main
              className="o-main"
            >
              <div
                className="c-roadmap"
              >
                <Timeline />
                <Lane
                  handleStepUpdate={[Function]}
                  id={1}
                />
              </div>
              <Sidebar
                handleBarDrag={[Function]}
                handleDragEnd={[Function]}
                handleLaneDrag={[Function]}
                handleStepUpdate={[Function]}
                step={0}
              />
            </main>,
            "className": "row-2",
          },
          "ref": null,
          "rendered": Object {
            "instance": null,
            "key": undefined,
            "nodeType": "host",
            "props": Object {
              "children": Array [
                <div
                  className="c-roadmap"
                >
                  <Timeline />
                  <Lane
                    handleStepUpdate={[Function]}
                    id={1}
                  />
                </div>,
                <Sidebar
                  handleBarDrag={[Function]}
                  handleDragEnd={[Function]}
                  handleLaneDrag={[Function]}
                  handleStepUpdate={[Function]}
                  step={0}
                />,
              ],
              "className": "o-main",
            },
            "ref": null,
            "rendered": Array [
              Object {
                "instance": null,
                "key": undefined,
                "nodeType": "host",
                "props": Object {
                  "children": Array [
                    <Timeline />,
                    Array [
                      <Lane
                        handleStepUpdate={[Function]}
                        id={1}
                      />,
                    ],
                    false,
                  ],
                  "className": "c-roadmap",
                },
                "ref": null,
                "rendered": Array [
                  Object {
                    "instance": null,
                    "key": undefined,
                    "nodeType": "function",
                    "props": Object {},
                    "ref": null,
                    "rendered": null,
                    "type": [Function],
                  },
                  Object {
                    "instance": null,
                    "key": "1",
                    "nodeType": "class",
                    "props": Object {
                      "handleStepUpdate": [Function],
                      "id": 1,
                    },
                    "ref": null,
                    "rendered": null,
                    "type": [Function],
                  },
                  false,
                ],
                "type": "div",
              },
              Object {
                "instance": null,
                "key": undefined,
                "nodeType": "class",
                "props": Object {
                  "handleBarDrag": [Function],
                  "handleDragEnd": [Function],
                  "handleLaneDrag": [Function],
                  "handleStepUpdate": [Function],
                  "step": 0,
                },
                "ref": null,
                "rendered": null,
                "type": [Function],
              },
            ],
            "type": "main",
          },
          "type": "div",
        },
      ],
      "type": "div",
    },
  ],
  Symbol(enzyme.__options__): Object {
    "adapter": ReactSixteenAdapter {
      "options": Object {
        "enableComponentDidUpdateOnSetState": true,
        "lifecycles": Object {
          "componentDidUpdate": Object {
            "onSetState": true,
          },
          "getDerivedStateFromProps": true,
          "getSnapshotBeforeUpdate": true,
          "setState": Object {
            "skipsComponentDidUpdateOnNullish": true,
          },
        },
      },
    },
  },
}
`;
